[themezinho.net/parada/index.html]
[backblue.gif]
[fade.gif]
[index.html]
[themezinho.net/parada/preview.png]
[themezinho.net/parada/ico/apple-touch-icon-144-precomposed.png]
[themezinho.net/parada/ico/apple-touch-icon-114-precomposed.png]
[themezinho.net/parada/ico/apple-touch-icon-72-precomposed.png]
[themezinho.net/parada/ico/apple-touch-icon-57-precomposed.png]
[themezinho.net/parada/ico/favicon.png]
[themezinho.net/parada/revolution/css/settings.css]
[themezinho.net/parada/revolution/css/layers.css]
[themezinho.net/parada/revolution/css/navigation.css]
[themezinho.net/parada/css/fa.min.css]
[themezinho.net/parada/css/animate.css]
[themezinho.net/parada/css/odometer.css]
[themezinho.net/parada/css/jquery.fancybox.css]
[themezinho.net/parada/css/bootstrap.min.css]
[themezinho.net/parada/css/style.css]
[themezinho.net/parada/videos/video.mp4]
[themezinho.net/parada/parada.html]
[themezinho.net/parada/services.html]
[themezinho.net/parada/works.html]
[themezinho.net/parada/contact.html]
[themezinho.net/parada/images/logo-dark.png]
[themezinho.net/parada/images/hero1.jpg]
[themezinho.net/parada/images/icon1.png]
[themezinho.net/parada/images/icon2.png]
[themezinho.net/parada/images/icon3.png]
[themezinho.net/parada/images/work5.jpg]
[themezinho.net/parada/images/shape-gray-wave.png]
[themezinho.net/parada/images/work6.jpg]
[themezinho.net/parada/images/work7.jpg]
[themezinho.net/parada/images/news1.jpg]
[themezinho.net/parada/images/news2.jpg]
[themezinho.net/parada/images/news3.jpg]
[themezinho.net/parada/images/logo1.jpg]
[themezinho.net/parada/images/logo2.jpg]
[themezinho.net/parada/images/logo3.jpg]
[themezinho.net/parada/images/logo4.jpg]
[themezinho.net/parada/images/award1.jpg]
[themezinho.net/parada/images/award2.jpg]
[themezinho.net/parada/images/award3.jpg]
[themezinho.net/parada/images/logo-light.png]
[themezinho.net/parada/js/jquery.min.js]
[themezinho.net/parada/js/bootstrap.min.js]
[themezinho.net/parada/js/isotope.min.js]
[themezinho.net/parada/js/stellar.min.js]
[themezinho.net/parada/js/jquery.fancybox.js]
[themezinho.net/parada/js/wow.js]
[themezinho.net/parada/js/odometer.min.js]
[themezinho.net/parada/js/scripts.js]
[themezinho.net/parada/revolution/js/jquery.themepunch.tools.min.js]
[themezinho.net/parada/revolution/js/jquery.themepunch.revolution.min.js]
[themezinho.net/parada/revolution/js/extensions/revolution.extension.actions.min.js]
[themezinho.net/parada/revolution/js/extensions/revolution.extension.carousel.min.js]
[themezinho.net/parada/revolution/js/extensions/revolution.extension.kenburn.min.js]
[themezinho.net/parada/revolution/js/extensions/revolution.extension.layeranimation.min.js]
[themezinho.net/parada/revolution/js/extensions/revolution.extension.migration.min.js]
[themezinho.net/parada/revolution/js/extensions/revolution.extension.navigation.min.js]
[themezinho.net/parada/revolution/js/extensions/revolution.extension.parallax.min.js]
[themezinho.net/parada/revolution/js/extensions/revolution.extension.slideanims.min.js]
[themezinho.net/parada/revolution/js/extensions/revolution.extension.video.min.js]
[themezinho.net/parada/index.html]
[themezinho.net/parada/preview.html]
[themezinho.net/parada/revolution/fonts/revicons/revicons90c6.eot]
[themezinho.net/parada/revolution/fonts/revicons/revicons90c6.woff]
[themezinho.net/parada/revolution/fonts/revicons/revicons90c6.ttf]
[themezinho.net/parada/revolution/fonts/revicons/revicons90c6.svg]
[themezinho.net/parada/revolution/css/openhand.cur]
[themezinho.net/parada/revolution/css/closedhand.cur]
[themezinho.net/parada/revolution/assets/gridtile.png]
[themezinho.net/parada/revolution/assets/gridtile_white.png]
[themezinho.net/parada/revolution/assets/gridtile_3x3.png]
[themezinho.net/parada/revolution/assets/gridtile_3x3_white.png]
[themezinho.net/parada/revolution/assets/coloredbg.png]
[themezinho.net/parada/revolution/assets/loader.gif]
[themezinho.net/parada/revolution/css/settings.css]
[themezinho.net/parada/revolution/css/layers.css]
[themezinho.net/parada/revolution/css/navigation.css]
[themezinho.net/parada/fonts/fontawesome-webfont3295.eot]
[themezinho.net/parada/fonts/fontawesome-webfontd41d.eot]
[themezinho.net/parada/fonts/fontawesome-webfont3295.woff2]
[themezinho.net/parada/fonts/fontawesome-webfont3295.woff]
[themezinho.net/parada/fonts/fontawesome-webfont3295.ttf]
[themezinho.net/parada/css/fa.min.css]
[themezinho.net/parada/css/animate.css]
[themezinho.net/parada/css/odometer.css]
[themezinho.net/parada/images/fancybox_sprite.png]
[themezinho.net/parada/fonts/fontawesome-webfont3295.svg]
[themezinho.net/parada/css/fancybox_loading.gif]
[themezinho.net/parada/css/blank.gif]
[themezinho.net/parada/images/fancybox_sprite@2x.png]
[themezinho.net/parada/css/fancybox_loading@2x.gif]
[themezinho.net/parada/css/jquery.fancybox.css]
[themezinho.net/parada/fonts/glyphicons-halflings-regular.eot]
[themezinho.net/parada/fonts/glyphicons-halflings-regulard41d.eot]
[themezinho.net/parada/fonts/glyphicons-halflings-regular.woff2]
[themezinho.net/parada/fonts/glyphicons-halflings-regular.woff]
[themezinho.net/parada/fonts/glyphicons-halflings-regular.ttf]
[themezinho.net/parada/fonts/glyphicons-halflings-regular.svg]
[themezinho.net/parada/css/bootstrap.min.css]
[themezinho.net/parada/images/preloader.gif]
[themezinho.net/parada/css/style.css]
[themezinho.net/parada/images/animation1.gif]
[themezinho.net/parada/images/work2.jpg]
[themezinho.net/parada/images/icon-trophy.png]
[themezinho.net/parada/images/team1.jpg]
[themezinho.net/parada/images/team2.jpg]
[themezinho.net/parada/images/team3.jpg]
[themezinho.net/parada/images/team4.jpg]
[themezinho.net/parada/images/studio-image.jpg]
[themezinho.net/parada/parada.html]
[themezinho.net/parada/images/icon4.png]
[themezinho.net/parada/images/icon5.png]
[themezinho.net/parada/images/icon6.png]
[themezinho.net/parada/services.html]
[themezinho.net/parada/images/work1.jpg]
[themezinho.net/parada/images/work3.jpg]
[themezinho.net/parada/images/work4.jpg]
[themezinho.net/parada/works.html]
[themezinho.net/parada/js/google-maps.js]
[themezinho.net/parada/contact.html]
[themezinho.net/parada/js/jquery.min.js]
[themezinho.net/parada/Popover requires tooltip.js]
[themezinho.net/parada/js/bootstrap.min.js]
[themezinho.net/parada/js/isotope.min.js]
[themezinho.net/parada/js/stellar.min.js]
[themezinho.net/parada/js/jquery.fancybox.js]
[themezinho.net/parada/js/wow.js]
[themezinho.net/parada/js/odometer.min.js]
[themezinho.net/parada/js/scripts.js]
[themezinho.net/parada/TweenLite.js]
[themezinho.net/TweenLite.js]
[themezinho.net/parada/revolution/js/jquery.themepunch.tools.min.js]
[themezinho.net/parada/Version/index.html]
[themezinho.net/parada/themepunch.revolution.min.js]
[themezinho.net/parada/jquery.themepunch.revolution.min.js]
[themezinho.net/parada/jquery.themepunch.revolution.js]
[themezinho.net/parada/revolution/js/jquery.themepunch.revolution.min.js]
[themezinho.net/parada/revolution/js/extensions/revolution.extension.actions.min.js]
[themezinho.net/parada/revolution/js/extensions/revolution.extension.carousel.min.js]
[themezinho.net/parada/revolution/js/extensions/revolution.extension.kenburn.min.js]
[themezinho.net/parada/revolution/js/extensions/revolution.extension.layeranimation.min.js]
[themezinho.net/parada/revolution/js/extensions/revolution.extension.migration.min.js]
[themezinho.net/parada/revolution/js/extensions/revolution.extension.navigation.min.js]
[themezinho.net/parada/revolution/js/extensions/revolution.extension.parallax.min.js]
[themezinho.net/parada/revolution/js/extensions/revolution.extension.slideanims.min.js]
[themezinho.net/parada/revolution/js/extensions/revolution.extension.video.min.js]
[themezinho.net/parada/revolution/fonts/revicons/revicons90c6.svg]
[themezinho.net/parada/revolution/assets/gridtile.html]
[themezinho.net/parada/revolution/assets/gridtile_white.html]
[themezinho.net/parada/revolution/assets/gridtile_3x3.html]
[themezinho.net/parada/revolution/assets/gridtile_3x3_white.html]
[themezinho.net/parada/revolution/assets/coloredbg.html]
[themezinho.net/parada/revolution/assets/loader.html]
[themezinho.net/parada/fonts/fontawesome-webfont3295.svg]
[themezinho.net/parada/css/fancybox_loading.html]
[themezinho.net/parada/css/blank.html]
[themezinho.net/parada/css/fancybox_loading@2x.html]
[themezinho.net/parada/fonts/glyphicons-halflings-regular.html]
[themezinho.net/parada/fonts/glyphicons-halflings-regulard41d.html]
[themezinho.net/parada/fonts/glyphicons-halflings-regular-2.html]
[themezinho.net/parada/fonts/glyphicons-halflings-regular-3.html]
[themezinho.net/parada/fonts/glyphicons-halflings-regular-4.html]
[themezinho.net/parada/fonts/glyphicons-halflings-regular-5.html]
[themezinho.net/parada/js/google-maps.js]
[themezinho.net/parada/Popover requires tooltip.html]
[themezinho.net/parada/TweenLite.html]
[themezinho.net/parada/Version/index.html]
[themezinho.net/TweenLite.html]
[themezinho.net/parada/themepunch.revolution.min.html]
[themezinho.net/parada/jquery.themepunch.revolution.min.html]
[themezinho.net/parada/jquery.themepunch.revolution.html]
